list_one:
  - one
  - two
  - three
  - four
list_two:
  - one
  - two
